The system is: Linux - 4.18.0-425.19.2.el8_7.x86_64 - x86_64
Compiling the CXX compiler identification source file "CMakeCXXCompilerId.cpp" succeeded.
Compiler: /tool/pkg/gcc-11.1.0-1/bin/c++ 
Build flags: 
Id flags:  

The output was:
0


Compilation of the CXX compiler identification source "CMakeCXXCompilerId.cpp" produced "a.out"

The CXX compiler identification is GNU, found in "/sarc-c/gpusw/users/devesh.varma/3D-raytracing/build/CMakeFiles/3.20.2/CompilerIdCXX/a.out"

Detecting CXX compiler ABI info compiled with the following output:
Change Dir: /sarc-c/gpusw/users/devesh.varma/3D-raytracing/build/CMakeFiles/CMakeTmp

Run Build Command(s):/usr/bin/gmake -f Makefile cmTC_e8c27/fast && /usr/bin/gmake  -f CMakeFiles/cmTC_e8c27.dir/build.make CMakeFiles/cmTC_e8c27.dir/build
gmake[1]: Entering directory '/sarc-c/gpusw/users/devesh.varma/3D-raytracing/build/CMakeFiles/CMakeTmp'
Building CXX object CMakeFiles/cmTC_e8c27.dir/CMakeCXXCompilerABI.cpp.o
/tool/pkg/gcc-11.1.0-1/bin/c++   -v -o CMakeFiles/cmTC_e8c27.dir/CMakeCXXCompilerABI.cpp.o -c /tool/pkg/cmake-3.20.2-1/share/cmake-3.20/Modules/CMakeCXXCompilerABI.cpp
Reading specs from /tool/pkg/gcc-11.1.0-1/lib/gcc/x86_64-pc-linux-gnu/11.1.0/specs
COLLECT_GCC=/tool/pkg/gcc-11.1.0-1/bin/c++
Target: x86_64-pc-linux-gnu
Configured with: /tmp/BUILD/r.renteria/gcc-11.1.0/configure --prefix=/tool/pkg/gcc-11.1.0-1 --disable-multilib --enable-languages=c,c++
Thread model: posix
Supported LTO compression algorithms: zlib
gcc version 11.1.0 (GCC) 
COLLECT_GCC_OPTIONS='-v' '-o' 'CMakeFiles/cmTC_e8c27.dir/CMakeCXXCompilerABI.cpp.o' '-c' '-shared-libgcc' '-mtune=generic' '-march=x86-64' '-dumpdir' 'CMakeFiles/cmTC_e8c27.dir/'
 /tool/pkg/gcc-11.1.0-1/libexec/gcc/x86_64-pc-linux-gnu/11.1.0/cc1plus -quiet -v -D_GNU_SOURCE /tool/pkg/cmake-3.20.2-1/share/cmake-3.20/Modules/CMakeCXXCompilerABI.cpp -quiet -dumpdir CMakeFiles/cmTC_e8c27.dir/ -dumpbase CMakeCXXCompilerABI.cpp.cpp -dumpbase-ext .cpp -mtune=generic -march=x86-64 -version -o /tmp/ccNuVPFP.s
GNU C++17 (GCC) version 11.1.0 (x86_64-pc-linux-gnu)
	compiled by GNU C version 11.1.0, GMP version 6.1.2, MPFR version 4.0.2, MPC version 1.1.0, isl version isl-0.21-GMP

GGC heuristics: --param ggc-min-expand=100 --param ggc-min-heapsize=131072
ignoring nonexistent directory "/tool/pkg/gcc-11.1.0-1/lib/gcc/x86_64-pc-linux-gnu/11.1.0/../../../../x86_64-pc-linux-gnu/include"
#include "..." search starts here:
#include <...> search starts here:
 /tool/pkg/gcc-11.1.0-1/lib/gcc/x86_64-pc-linux-gnu/11.1.0/../../../../include/c++/11.1.0
 /tool/pkg/gcc-11.1.0-1/lib/gcc/x86_64-pc-linux-gnu/11.1.0/../../../../include/c++/11.1.0/x86_64-pc-linux-gnu
 /tool/pkg/gcc-11.1.0-1/lib/gcc/x86_64-pc-linux-gnu/11.1.0/../../../../include/c++/11.1.0/backward
 /tool/pkg/gcc-11.1.0-1/lib/gcc/x86_64-pc-linux-gnu/11.1.0/include
 /usr/local/include
 /tool/pkg/gcc-11.1.0-1/include
 /tool/pkg/gcc-11.1.0-1/lib/gcc/x86_64-pc-linux-gnu/11.1.0/include-fixed
 /usr/include
End of search list.
GNU C++17 (GCC) version 11.1.0 (x86_64-pc-linux-gnu)
	compiled by GNU C version 11.1.0, GMP version 6.1.2, MPFR version 4.0.2, MPC version 1.1.0, isl version isl-0.21-GMP

GGC heuristics: --param ggc-min-expand=100 --param ggc-min-heapsize=131072
Compiler executable checksum: 4151362188d4f8ce218ae4435d2b019f
COLLECT_GCC_OPTIONS='-v' '-o' 'CMakeFiles/cmTC_e8c27.dir/CMakeCXXCompilerABI.cpp.o' '-c' '-shared-libgcc' '-mtune=generic' '-march=x86-64' '-dumpdir' 'CMakeFiles/cmTC_e8c27.dir/'
 as -v --64 -o CMakeFiles/cmTC_e8c27.dir/CMakeCXXCompilerABI.cpp.o /tmp/ccNuVPFP.s
GNU assembler version 2.30 (x86_64-redhat-linux) using BFD version version 2.30-117.el8
COMPILER_PATH=/tool/pkg/gcc-11.1.0-1/libexec/gcc/x86_64-pc-linux-gnu/11.1.0/:/tool/pkg/gcc-11.1.0-1/libexec/gcc/x86_64-pc-linux-gnu/11.1.0/:/tool/pkg/gcc-11.1.0-1/libexec/gcc/x86_64-pc-linux-gnu/:/tool/pkg/gcc-11.1.0-1/lib/gcc/x86_64-pc-linux-gnu/11.1.0/:/tool/pkg/gcc-11.1.0-1/lib/gcc/x86_64-pc-linux-gnu/
LIBRARY_PATH=/tool/pkg/gcc-11.1.0-1/lib/gcc/x86_64-pc-linux-gnu/11.1.0/:/tool/pkg/gcc-11.1.0-1/lib/gcc/x86_64-pc-linux-gnu/11.1.0/../../../../lib64/:/lib/../lib64/:/usr/lib/../lib64/:/tool/pkg/gcc-11.1.0-1/lib/gcc/x86_64-pc-linux-gnu/11.1.0/../../../:/lib/:/usr/lib/
COLLECT_GCC_OPTIONS='-v' '-o' 'CMakeFiles/cmTC_e8c27.dir/CMakeCXXCompilerABI.cpp.o' '-c' '-shared-libgcc' '-mtune=generic' '-march=x86-64' '-dumpdir' 'CMakeFiles/cmTC_e8c27.dir/CMakeCXXCompilerABI.cpp.'
Linking CXX executable cmTC_e8c27
/tool/pkg/cmake-3.20.2-1/bin/cmake -E cmake_link_script CMakeFiles/cmTC_e8c27.dir/link.txt --verbose=1
/tool/pkg/gcc-11.1.0-1/bin/c++  -v CMakeFiles/cmTC_e8c27.dir/CMakeCXXCompilerABI.cpp.o -o cmTC_e8c27 
Reading specs from /tool/pkg/gcc-11.1.0-1/lib/gcc/x86_64-pc-linux-gnu/11.1.0/specs
COLLECT_GCC=/tool/pkg/gcc-11.1.0-1/bin/c++
COLLECT_LTO_WRAPPER=/tool/pkg/gcc-11.1.0-1/libexec/gcc/x86_64-pc-linux-gnu/11.1.0/lto-wrapper
Target: x86_64-pc-linux-gnu
Configured with: /tmp/BUILD/r.renteria/gcc-11.1.0/configure --prefix=/tool/pkg/gcc-11.1.0-1 --disable-multilib --enable-languages=c,c++
Thread model: posix
Supported LTO compression algorithms: zlib
gcc version 11.1.0 (GCC) 
COMPILER_PATH=/tool/pkg/gcc-11.1.0-1/libexec/gcc/x86_64-pc-linux-gnu/11.1.0/:/tool/pkg/gcc-11.1.0-1/libexec/gcc/x86_64-pc-linux-gnu/11.1.0/:/tool/pkg/gcc-11.1.0-1/libexec/gcc/x86_64-pc-linux-gnu/:/tool/pkg/gcc-11.1.0-1/lib/gcc/x86_64-pc-linux-gnu/11.1.0/:/tool/pkg/gcc-11.1.0-1/lib/gcc/x86_64-pc-linux-gnu/
LIBRARY_PATH=/tool/pkg/gcc-11.1.0-1/lib/gcc/x86_64-pc-linux-gnu/11.1.0/:/tool/pkg/gcc-11.1.0-1/lib/gcc/x86_64-pc-linux-gnu/11.1.0/../../../../lib64/:/lib/../lib64/:/usr/lib/../lib64/:/tool/pkg/gcc-11.1.0-1/lib/gcc/x86_64-pc-linux-gnu/11.1.0/../../../:/lib/:/usr/lib/
COLLECT_GCC_OPTIONS='-v' '-o' 'cmTC_e8c27' '-shared-libgcc' '-mtune=generic' '-march=x86-64' '-dumpdir' 'cmTC_e8c27.'
 /tool/pkg/gcc-11.1.0-1/libexec/gcc/x86_64-pc-linux-gnu/11.1.0/collect2 -plugin /tool/pkg/gcc-11.1.0-1/libexec/gcc/x86_64-pc-linux-gnu/11.1.0/liblto_plugin.so -plugin-opt=/tool/pkg/gcc-11.1.0-1/libexec/gcc/x86_64-pc-linux-gnu/11.1.0/lto-wrapper -plugin-opt=-fresolution=/tmp/ccLJuOdE.res -plugin-opt=-pass-through=-lgcc_s -plugin-opt=-pass-through=-lgcc -plugin-opt=-pass-through=-lc -plugin-opt=-pass-through=-lgcc_s -plugin-opt=-pass-through=-lgcc --eh-frame-hdr -m elf_x86_64 -dynamic-linker /lib64/ld-linux-x86-64.so.2 -o cmTC_e8c27 /lib/../lib64/crt1.o /lib/../lib64/crti.o /tool/pkg/gcc-11.1.0-1/lib/gcc/x86_64-pc-linux-gnu/11.1.0/crtbegin.o -L/tool/pkg/gcc-11.1.0-1/lib/gcc/x86_64-pc-linux-gnu/11.1.0 -L/tool/pkg/gcc-11.1.0-1/lib/gcc/x86_64-pc-linux-gnu/11.1.0/../../../../lib64 -L/lib/../lib64 -L/usr/lib/../lib64 -L/tool/pkg/gcc-11.1.0-1/lib/gcc/x86_64-pc-linux-gnu/11.1.0/../../.. -R /tool/pkg/gcc-11.1.0-1/lib64 CMakeFiles/cmTC_e8c27.dir/CMakeCXXCompilerABI.cpp.o -lstdc++ -lm -lgcc_s -lgcc -lc -lgcc_s -lgcc /tool/pkg/gcc-11.1.0-1/lib/gcc/x86_64-pc-linux-gnu/11.1.0/crtend.o /lib/../lib64/crtn.o
COLLECT_GCC_OPTIONS='-v' '-o' 'cmTC_e8c27' '-shared-libgcc' '-mtune=generic' '-march=x86-64' '-dumpdir' 'cmTC_e8c27.'
gmake[1]: Leaving directory '/sarc-c/gpusw/users/devesh.varma/3D-raytracing/build/CMakeFiles/CMakeTmp'



Parsed CXX implicit include dir info from above output: rv=done
  found start of include info
  found start of implicit include info
    add: [/tool/pkg/gcc-11.1.0-1/lib/gcc/x86_64-pc-linux-gnu/11.1.0/../../../../include/c++/11.1.0]
    add: [/tool/pkg/gcc-11.1.0-1/lib/gcc/x86_64-pc-linux-gnu/11.1.0/../../../../include/c++/11.1.0/x86_64-pc-linux-gnu]
    add: [/tool/pkg/gcc-11.1.0-1/lib/gcc/x86_64-pc-linux-gnu/11.1.0/../../../../include/c++/11.1.0/backward]
    add: [/tool/pkg/gcc-11.1.0-1/lib/gcc/x86_64-pc-linux-gnu/11.1.0/include]
    add: [/usr/local/include]
    add: [/tool/pkg/gcc-11.1.0-1/include]
    add: [/tool/pkg/gcc-11.1.0-1/lib/gcc/x86_64-pc-linux-gnu/11.1.0/include-fixed]
    add: [/usr/include]
  end of search list found
  collapse include dir [/tool/pkg/gcc-11.1.0-1/lib/gcc/x86_64-pc-linux-gnu/11.1.0/../../../../include/c++/11.1.0] ==> [/tool/pkg/gcc-11.1.0-1/include/c++/11.1.0]
  collapse include dir [/tool/pkg/gcc-11.1.0-1/lib/gcc/x86_64-pc-linux-gnu/11.1.0/../../../../include/c++/11.1.0/x86_64-pc-linux-gnu] ==> [/tool/pkg/gcc-11.1.0-1/include/c++/11.1.0/x86_64-pc-linux-gnu]
  collapse include dir [/tool/pkg/gcc-11.1.0-1/lib/gcc/x86_64-pc-linux-gnu/11.1.0/../../../../include/c++/11.1.0/backward] ==> [/tool/pkg/gcc-11.1.0-1/include/c++/11.1.0/backward]
  collapse include dir [/tool/pkg/gcc-11.1.0-1/lib/gcc/x86_64-pc-linux-gnu/11.1.0/include] ==> [/tool/pkg/gcc-11.1.0-1/lib/gcc/x86_64-pc-linux-gnu/11.1.0/include]
  collapse include dir [/usr/local/include] ==> [/usr/local/include]
  collapse include dir [/tool/pkg/gcc-11.1.0-1/include] ==> [/tool/pkg/gcc-11.1.0-1/include]
  collapse include dir [/tool/pkg/gcc-11.1.0-1/lib/gcc/x86_64-pc-linux-gnu/11.1.0/include-fixed] ==> [/tool/pkg/gcc-11.1.0-1/lib/gcc/x86_64-pc-linux-gnu/11.1.0/include-fixed]
  collapse include dir [/usr/include] ==> [/usr/include]
  implicit include dirs: [/tool/pkg/gcc-11.1.0-1/include/c++/11.1.0;/tool/pkg/gcc-11.1.0-1/include/c++/11.1.0/x86_64-pc-linux-gnu;/tool/pkg/gcc-11.1.0-1/include/c++/11.1.0/backward;/tool/pkg/gcc-11.1.0-1/lib/gcc/x86_64-pc-linux-gnu/11.1.0/include;/usr/local/include;/tool/pkg/gcc-11.1.0-1/include;/tool/pkg/gcc-11.1.0-1/lib/gcc/x86_64-pc-linux-gnu/11.1.0/include-fixed;/usr/include]


Parsed CXX implicit link information from above output:
  link line regex: [^( *|.*[/\])(ld|CMAKE_LINK_STARTFILE-NOTFOUND|([^/\]+-)?ld|collect2)[^/\]*( |$)]
  ignore line: [Change Dir: /sarc-c/gpusw/users/devesh.varma/3D-raytracing/build/CMakeFiles/CMakeTmp]
  ignore line: []
  ignore line: [Run Build Command(s):/usr/bin/gmake -f Makefile cmTC_e8c27/fast && /usr/bin/gmake  -f CMakeFiles/cmTC_e8c27.dir/build.make CMakeFiles/cmTC_e8c27.dir/build]
  ignore line: [gmake[1]: Entering directory '/sarc-c/gpusw/users/devesh.varma/3D-raytracing/build/CMakeFiles/CMakeTmp']
  ignore line: [Building CXX object CMakeFiles/cmTC_e8c27.dir/CMakeCXXCompilerABI.cpp.o]
  ignore line: [/tool/pkg/gcc-11.1.0-1/bin/c++   -v -o CMakeFiles/cmTC_e8c27.dir/CMakeCXXCompilerABI.cpp.o -c /tool/pkg/cmake-3.20.2-1/share/cmake-3.20/Modules/CMakeCXXCompilerABI.cpp]
  ignore line: [Reading specs from /tool/pkg/gcc-11.1.0-1/lib/gcc/x86_64-pc-linux-gnu/11.1.0/specs]
  ignore line: [COLLECT_GCC=/tool/pkg/gcc-11.1.0-1/bin/c++]
  ignore line: [Target: x86_64-pc-linux-gnu]
  ignore line: [Configured with: /tmp/BUILD/r.renteria/gcc-11.1.0/configure --prefix=/tool/pkg/gcc-11.1.0-1 --disable-multilib --enable-languages=c c++]
  ignore line: [Thread model: posix]
  ignore line: [Supported LTO compression algorithms: zlib]
  ignore line: [gcc version 11.1.0 (GCC) ]
  ignore line: [COLLECT_GCC_OPTIONS='-v' '-o' 'CMakeFiles/cmTC_e8c27.dir/CMakeCXXCompilerABI.cpp.o' '-c' '-shared-libgcc' '-mtune=generic' '-march=x86-64' '-dumpdir' 'CMakeFiles/cmTC_e8c27.dir/']
  ignore line: [ /tool/pkg/gcc-11.1.0-1/libexec/gcc/x86_64-pc-linux-gnu/11.1.0/cc1plus -quiet -v -D_GNU_SOURCE /tool/pkg/cmake-3.20.2-1/share/cmake-3.20/Modules/CMakeCXXCompilerABI.cpp -quiet -dumpdir CMakeFiles/cmTC_e8c27.dir/ -dumpbase CMakeCXXCompilerABI.cpp.cpp -dumpbase-ext .cpp -mtune=generic -march=x86-64 -version -o /tmp/ccNuVPFP.s]
  ignore line: [GNU C++17 (GCC) version 11.1.0 (x86_64-pc-linux-gnu)]
  ignore line: [	compiled by GNU C version 11.1.0  GMP version 6.1.2  MPFR version 4.0.2  MPC version 1.1.0  isl version isl-0.21-GMP]
  ignore line: []
  ignore line: [GGC heuristics: --param ggc-min-expand=100 --param ggc-min-heapsize=131072]
  ignore line: [ignoring nonexistent directory "/tool/pkg/gcc-11.1.0-1/lib/gcc/x86_64-pc-linux-gnu/11.1.0/../../../../x86_64-pc-linux-gnu/include"]
  ignore line: [#include "..." search starts here:]
  ignore line: [#include <...> search starts here:]
  ignore line: [ /tool/pkg/gcc-11.1.0-1/lib/gcc/x86_64-pc-linux-gnu/11.1.0/../../../../include/c++/11.1.0]
  ignore line: [ /tool/pkg/gcc-11.1.0-1/lib/gcc/x86_64-pc-linux-gnu/11.1.0/../../../../include/c++/11.1.0/x86_64-pc-linux-gnu]
  ignore line: [ /tool/pkg/gcc-11.1.0-1/lib/gcc/x86_64-pc-linux-gnu/11.1.0/../../../../include/c++/11.1.0/backward]
  ignore line: [ /tool/pkg/gcc-11.1.0-1/lib/gcc/x86_64-pc-linux-gnu/11.1.0/include]
  ignore line: [ /usr/local/include]
  ignore line: [ /tool/pkg/gcc-11.1.0-1/include]
  ignore line: [ /tool/pkg/gcc-11.1.0-1/lib/gcc/x86_64-pc-linux-gnu/11.1.0/include-fixed]
  ignore line: [ /usr/include]
  ignore line: [End of search list.]
  ignore line: [GNU C++17 (GCC) version 11.1.0 (x86_64-pc-linux-gnu)]
  ignore line: [	compiled by GNU C version 11.1.0  GMP version 6.1.2  MPFR version 4.0.2  MPC version 1.1.0  isl version isl-0.21-GMP]
  ignore line: []
  ignore line: [GGC heuristics: --param ggc-min-expand=100 --param ggc-min-heapsize=131072]
  ignore line: [Compiler executable checksum: 4151362188d4f8ce218ae4435d2b019f]
  ignore line: [COLLECT_GCC_OPTIONS='-v' '-o' 'CMakeFiles/cmTC_e8c27.dir/CMakeCXXCompilerABI.cpp.o' '-c' '-shared-libgcc' '-mtune=generic' '-march=x86-64' '-dumpdir' 'CMakeFiles/cmTC_e8c27.dir/']
  ignore line: [ as -v --64 -o CMakeFiles/cmTC_e8c27.dir/CMakeCXXCompilerABI.cpp.o /tmp/ccNuVPFP.s]
  ignore line: [GNU assembler version 2.30 (x86_64-redhat-linux) using BFD version version 2.30-117.el8]
  ignore line: [COMPILER_PATH=/tool/pkg/gcc-11.1.0-1/libexec/gcc/x86_64-pc-linux-gnu/11.1.0/:/tool/pkg/gcc-11.1.0-1/libexec/gcc/x86_64-pc-linux-gnu/11.1.0/:/tool/pkg/gcc-11.1.0-1/libexec/gcc/x86_64-pc-linux-gnu/:/tool/pkg/gcc-11.1.0-1/lib/gcc/x86_64-pc-linux-gnu/11.1.0/:/tool/pkg/gcc-11.1.0-1/lib/gcc/x86_64-pc-linux-gnu/]
  ignore line: [LIBRARY_PATH=/tool/pkg/gcc-11.1.0-1/lib/gcc/x86_64-pc-linux-gnu/11.1.0/:/tool/pkg/gcc-11.1.0-1/lib/gcc/x86_64-pc-linux-gnu/11.1.0/../../../../lib64/:/lib/../lib64/:/usr/lib/../lib64/:/tool/pkg/gcc-11.1.0-1/lib/gcc/x86_64-pc-linux-gnu/11.1.0/../../../:/lib/:/usr/lib/]
  ignore line: [COLLECT_GCC_OPTIONS='-v' '-o' 'CMakeFiles/cmTC_e8c27.dir/CMakeCXXCompilerABI.cpp.o' '-c' '-shared-libgcc' '-mtune=generic' '-march=x86-64' '-dumpdir' 'CMakeFiles/cmTC_e8c27.dir/CMakeCXXCompilerABI.cpp.']
  ignore line: [Linking CXX executable cmTC_e8c27]
  ignore line: [/tool/pkg/cmake-3.20.2-1/bin/cmake -E cmake_link_script CMakeFiles/cmTC_e8c27.dir/link.txt --verbose=1]
  ignore line: [/tool/pkg/gcc-11.1.0-1/bin/c++  -v CMakeFiles/cmTC_e8c27.dir/CMakeCXXCompilerABI.cpp.o -o cmTC_e8c27 ]
  ignore line: [Reading specs from /tool/pkg/gcc-11.1.0-1/lib/gcc/x86_64-pc-linux-gnu/11.1.0/specs]
  ignore line: [COLLECT_GCC=/tool/pkg/gcc-11.1.0-1/bin/c++]
  ignore line: [COLLECT_LTO_WRAPPER=/tool/pkg/gcc-11.1.0-1/libexec/gcc/x86_64-pc-linux-gnu/11.1.0/lto-wrapper]
  ignore line: [Target: x86_64-pc-linux-gnu]
  ignore line: [Configured with: /tmp/BUILD/r.renteria/gcc-11.1.0/configure --prefix=/tool/pkg/gcc-11.1.0-1 --disable-multilib --enable-languages=c c++]
  ignore line: [Thread model: posix]
  ignore line: [Supported LTO compression algorithms: zlib]
  ignore line: [gcc version 11.1.0 (GCC) ]
  ignore line: [COMPILER_PATH=/tool/pkg/gcc-11.1.0-1/libexec/gcc/x86_64-pc-linux-gnu/11.1.0/:/tool/pkg/gcc-11.1.0-1/libexec/gcc/x86_64-pc-linux-gnu/11.1.0/:/tool/pkg/gcc-11.1.0-1/libexec/gcc/x86_64-pc-linux-gnu/:/tool/pkg/gcc-11.1.0-1/lib/gcc/x86_64-pc-linux-gnu/11.1.0/:/tool/pkg/gcc-11.1.0-1/lib/gcc/x86_64-pc-linux-gnu/]
  ignore line: [LIBRARY_PATH=/tool/pkg/gcc-11.1.0-1/lib/gcc/x86_64-pc-linux-gnu/11.1.0/:/tool/pkg/gcc-11.1.0-1/lib/gcc/x86_64-pc-linux-gnu/11.1.0/../../../../lib64/:/lib/../lib64/:/usr/lib/../lib64/:/tool/pkg/gcc-11.1.0-1/lib/gcc/x86_64-pc-linux-gnu/11.1.0/../../../:/lib/:/usr/lib/]
  ignore line: [COLLECT_GCC_OPTIONS='-v' '-o' 'cmTC_e8c27' '-shared-libgcc' '-mtune=generic' '-march=x86-64' '-dumpdir' 'cmTC_e8c27.']
  link line: [ /tool/pkg/gcc-11.1.0-1/libexec/gcc/x86_64-pc-linux-gnu/11.1.0/collect2 -plugin /tool/pkg/gcc-11.1.0-1/libexec/gcc/x86_64-pc-linux-gnu/11.1.0/liblto_plugin.so -plugin-opt=/tool/pkg/gcc-11.1.0-1/libexec/gcc/x86_64-pc-linux-gnu/11.1.0/lto-wrapper -plugin-opt=-fresolution=/tmp/ccLJuOdE.res -plugin-opt=-pass-through=-lgcc_s -plugin-opt=-pass-through=-lgcc -plugin-opt=-pass-through=-lc -plugin-opt=-pass-through=-lgcc_s -plugin-opt=-pass-through=-lgcc --eh-frame-hdr -m elf_x86_64 -dynamic-linker /lib64/ld-linux-x86-64.so.2 -o cmTC_e8c27 /lib/../lib64/crt1.o /lib/../lib64/crti.o /tool/pkg/gcc-11.1.0-1/lib/gcc/x86_64-pc-linux-gnu/11.1.0/crtbegin.o -L/tool/pkg/gcc-11.1.0-1/lib/gcc/x86_64-pc-linux-gnu/11.1.0 -L/tool/pkg/gcc-11.1.0-1/lib/gcc/x86_64-pc-linux-gnu/11.1.0/../../../../lib64 -L/lib/../lib64 -L/usr/lib/../lib64 -L/tool/pkg/gcc-11.1.0-1/lib/gcc/x86_64-pc-linux-gnu/11.1.0/../../.. -R /tool/pkg/gcc-11.1.0-1/lib64 CMakeFiles/cmTC_e8c27.dir/CMakeCXXCompilerABI.cpp.o -lstdc++ -lm -lgcc_s -lgcc -lc -lgcc_s -lgcc /tool/pkg/gcc-11.1.0-1/lib/gcc/x86_64-pc-linux-gnu/11.1.0/crtend.o /lib/../lib64/crtn.o]
    arg [/tool/pkg/gcc-11.1.0-1/libexec/gcc/x86_64-pc-linux-gnu/11.1.0/collect2] ==> ignore
    arg [-plugin] ==> ignore
    arg [/tool/pkg/gcc-11.1.0-1/libexec/gcc/x86_64-pc-linux-gnu/11.1.0/liblto_plugin.so] ==> ignore
    arg [-plugin-opt=/tool/pkg/gcc-11.1.0-1/libexec/gcc/x86_64-pc-linux-gnu/11.1.0/lto-wrapper] ==> ignore
    arg [-plugin-opt=-fresolution=/tmp/ccLJuOdE.res] ==> ignore
    arg [-plugin-opt=-pass-through=-lgcc_s] ==> ignore
    arg [-plugin-opt=-pass-through=-lgcc] ==> ignore
    arg [-plugin-opt=-pass-through=-lc] ==> ignore
    arg [-plugin-opt=-pass-through=-lgcc_s] ==> ignore
    arg [-plugin-opt=-pass-through=-lgcc] ==> ignore
    arg [--eh-frame-hdr] ==> ignore
    arg [-m] ==> ignore
    arg [elf_x86_64] ==> ignore
    arg [-dynamic-linker] ==> ignore
    arg [/lib64/ld-linux-x86-64.so.2] ==> ignore
    arg [-o] ==> ignore
    arg [cmTC_e8c27] ==> ignore
    arg [/lib/../lib64/crt1.o] ==> obj [/lib/../lib64/crt1.o]
    arg [/lib/../lib64/crti.o] ==> obj [/lib/../lib64/crti.o]
    arg [/tool/pkg/gcc-11.1.0-1/lib/gcc/x86_64-pc-linux-gnu/11.1.0/crtbegin.o] ==> obj [/tool/pkg/gcc-11.1.0-1/lib/gcc/x86_64-pc-linux-gnu/11.1.0/crtbegin.o]
    arg [-L/tool/pkg/gcc-11.1.0-1/lib/gcc/x86_64-pc-linux-gnu/11.1.0] ==> dir [/tool/pkg/gcc-11.1.0-1/lib/gcc/x86_64-pc-linux-gnu/11.1.0]
    arg [-L/tool/pkg/gcc-11.1.0-1/lib/gcc/x86_64-pc-linux-gnu/11.1.0/../../../../lib64] ==> dir [/tool/pkg/gcc-11.1.0-1/lib/gcc/x86_64-pc-linux-gnu/11.1.0/../../../../lib64]
    arg [-L/lib/../lib64] ==> dir [/lib/../lib64]
    arg [-L/usr/lib/../lib64] ==> dir [/usr/lib/../lib64]
    arg [-L/tool/pkg/gcc-11.1.0-1/lib/gcc/x86_64-pc-linux-gnu/11.1.0/../../..] ==> dir [/tool/pkg/gcc-11.1.0-1/lib/gcc/x86_64-pc-linux-gnu/11.1.0/../../..]
    arg [-R] ==> ignore
    arg [/tool/pkg/gcc-11.1.0-1/lib64] ==> ignore
    arg [CMakeFiles/cmTC_e8c27.dir/CMakeCXXCompilerABI.cpp.o] ==> ignore
    arg [-lstdc++] ==> lib [stdc++]
    arg [-lm] ==> lib [m]
    arg [-lgcc_s] ==> lib [gcc_s]
    arg [-lgcc] ==> lib [gcc]
    arg [-lc] ==> lib [c]
    arg [-lgcc_s] ==> lib [gcc_s]
    arg [-lgcc] ==> lib [gcc]
    arg [/tool/pkg/gcc-11.1.0-1/lib/gcc/x86_64-pc-linux-gnu/11.1.0/crtend.o] ==> obj [/tool/pkg/gcc-11.1.0-1/lib/gcc/x86_64-pc-linux-gnu/11.1.0/crtend.o]
    arg [/lib/../lib64/crtn.o] ==> obj [/lib/../lib64/crtn.o]
  collapse obj [/lib/../lib64/crt1.o] ==> [/lib64/crt1.o]
  collapse obj [/lib/../lib64/crti.o] ==> [/lib64/crti.o]
  collapse obj [/lib/../lib64/crtn.o] ==> [/lib64/crtn.o]
  collapse library dir [/tool/pkg/gcc-11.1.0-1/lib/gcc/x86_64-pc-linux-gnu/11.1.0] ==> [/tool/pkg/gcc-11.1.0-1/lib/gcc/x86_64-pc-linux-gnu/11.1.0]
  collapse library dir [/tool/pkg/gcc-11.1.0-1/lib/gcc/x86_64-pc-linux-gnu/11.1.0/../../../../lib64] ==> [/tool/pkg/gcc-11.1.0-1/lib64]
  collapse library dir [/lib/../lib64] ==> [/lib64]
  collapse library dir [/usr/lib/../lib64] ==> [/usr/lib64]
  collapse library dir [/tool/pkg/gcc-11.1.0-1/lib/gcc/x86_64-pc-linux-gnu/11.1.0/../../..] ==> [/tool/pkg/gcc-11.1.0-1/lib]
  implicit libs: [stdc++;m;gcc_s;gcc;c;gcc_s;gcc]
  implicit objs: [/lib64/crt1.o;/lib64/crti.o;/tool/pkg/gcc-11.1.0-1/lib/gcc/x86_64-pc-linux-gnu/11.1.0/crtbegin.o;/tool/pkg/gcc-11.1.0-1/lib/gcc/x86_64-pc-linux-gnu/11.1.0/crtend.o;/lib64/crtn.o]
  implicit dirs: [/tool/pkg/gcc-11.1.0-1/lib/gcc/x86_64-pc-linux-gnu/11.1.0;/tool/pkg/gcc-11.1.0-1/lib64;/lib64;/usr/lib64;/tool/pkg/gcc-11.1.0-1/lib]
  implicit fwks: []


